| assigns.php | 3 |
| assigns.php | 4 |
| assigns.php | 5 |
| assigns.php | 6 |
| assigns.php | 7 |
| assigns.php | 8 |
| assigns.php | 9 |
| assigns.php | 10 |
| assigns.php | 11 |
| assigns.php | 12 |
| assigns.php | 13 |
| assigns.php | 14 |
| assigns.php | 15 |
| calls.php | 3 |
| calls.php | 8 |
| calls.php | 9 |
| calls.php | 12 |
| calls.php | 13 |
| calls.php | 14 |
| calls.php | 15 |
| calls.php | 16 |
| flow.php | 3 |
| flow.php | 4 |
| flow.php | 5 |
| flow.php | 6 |
| flow.php | 7 |
| flow.php | 8 |
| flow.php | 9 |
