edges
| test.php:2:9:2:13 | VariableName | test.php:3:47:3:50 | VariableName | provenance |  |
| test.php:3:47:3:50 | VariableName | test.php:3:36:3:40 | VariableName | provenance |  |
| test.php:4:10:4:14 | VariableName | test.php:5:7:5:11 | VariableName | provenance |  |
| test.php:5:7:5:11 | VariableName | test.php:5:36:5:37 | VariableName | provenance |  |
nodes
| test.php:2:9:2:13 | VariableName | semmle.label | VariableName |
| test.php:3:36:3:40 | VariableName | semmle.label | VariableName |
| test.php:3:47:3:50 | VariableName | semmle.label | VariableName |
| test.php:4:10:4:14 | VariableName | semmle.label | VariableName |
| test.php:5:7:5:11 | VariableName | semmle.label | VariableName |
| test.php:5:36:5:37 | VariableName | semmle.label | VariableName |
subpaths
#select
| test.php:3:36:3:40 | VariableName | test.php:2:9:2:13 | VariableName | test.php:3:36:3:40 | VariableName | This shell command depends on a $@. | test.php:2:9:2:13 | VariableName | user-provided value |
| test.php:5:36:5:37 | VariableName | test.php:4:10:4:14 | VariableName | test.php:5:36:5:37 | VariableName | This shell command depends on a $@. | test.php:4:10:4:14 | VariableName | user-provided value |
