| 1 | Program | 2 | FunctionDefinition |
| 2 | CompoundStatement | 3 | ExpressionStatement |
| 2 | Name | 2 | VariableName |
| 2 | SimpleParameter | 2 | Name |
| 2 | VariableName | 2 | CompoundStatement |
| 3 | AssignmentExpression | 4 | EchoStatement |
| 3 | BinaryExpression | 3 | AssignmentExpression |
| 3 | EncapsedString | 3 | BinaryExpression |
| 3 | ExpressionStatement | 3 | Name |
| 3 | Name | 3 | VariableName |
| 3 | VariableName | 3 | EncapsedString |
| 3 | VariableName | 3 | Name |
| 4 | EchoStatement | 4 | Name |
| 4 | Name | 4 | VariableName |
| 4 | VariableName | 5 | ReturnStatement |
| 5 | Name | 5 | VariableName |
| 5 | ReturnStatement | 5 | Name |
