edges
| test.php:6:14:6:18 | VariableName | test.php:7:8:7:13 | MemberAccessExpression | provenance |  |
| test.php:11:28:11:32 | VariableName | test.php:12:8:12:13 | MemberAccessExpression | provenance |  |
| test.php:16:14:16:18 | VariableName | test.php:17:8:17:14 | MemberAccessExpression | provenance |  |
nodes
| test.php:6:14:6:18 | VariableName | semmle.label | VariableName |
| test.php:7:8:7:13 | MemberAccessExpression | semmle.label | MemberAccessExpression |
| test.php:11:28:11:32 | VariableName | semmle.label | VariableName |
| test.php:12:8:12:13 | MemberAccessExpression | semmle.label | MemberAccessExpression |
| test.php:16:14:16:18 | VariableName | semmle.label | VariableName |
| test.php:17:8:17:14 | MemberAccessExpression | semmle.label | MemberAccessExpression |
subpaths
#select
| test.php:7:8:7:13 | MemberAccessExpression | test.php:6:14:6:18 | VariableName | test.php:7:8:7:13 | MemberAccessExpression | This shell command depends on a $@. | test.php:6:14:6:18 | VariableName | user-provided value |
| test.php:12:8:12:13 | MemberAccessExpression | test.php:11:28:11:32 | VariableName | test.php:12:8:12:13 | MemberAccessExpression | This shell command depends on a $@. | test.php:11:28:11:32 | VariableName | user-provided value |
| test.php:17:8:17:14 | MemberAccessExpression | test.php:16:14:16:18 | VariableName | test.php:17:8:17:14 | MemberAccessExpression | This shell command depends on a $@. | test.php:16:14:16:18 | VariableName | user-provided value |
