edges
| test.php:3:43:3:44 | VariableName | test.php:3:56:3:57 | VariableName | provenance |  |
| test.php:5:13:5:17 | VariableName | test.php:5:13:5:22 | SubscriptExpression | provenance |  |
| test.php:5:13:5:22 | SubscriptExpression | test.php:3:43:3:44 | VariableName | provenance |  |
| test.php:8:29:8:30 | VariableName | test.php:8:47:8:48 | VariableName | provenance |  |
| test.php:8:47:8:48 | VariableName | test.php:3:43:3:44 | VariableName | provenance |  |
| test.php:10:11:10:15 | VariableName | test.php:10:11:10:20 | SubscriptExpression | provenance |  |
| test.php:10:11:10:20 | SubscriptExpression | test.php:8:29:8:30 | VariableName | provenance |  |
nodes
| test.php:3:43:3:44 | VariableName | semmle.label | VariableName |
| test.php:3:56:3:57 | VariableName | semmle.label | VariableName |
| test.php:5:13:5:17 | VariableName | semmle.label | VariableName |
| test.php:5:13:5:22 | SubscriptExpression | semmle.label | SubscriptExpression |
| test.php:8:29:8:30 | VariableName | semmle.label | VariableName |
| test.php:8:47:8:48 | VariableName | semmle.label | VariableName |
| test.php:10:11:10:15 | VariableName | semmle.label | VariableName |
| test.php:10:11:10:20 | SubscriptExpression | semmle.label | SubscriptExpression |
subpaths
#select
| test.php:3:56:3:57 | VariableName | test.php:5:13:5:17 | VariableName | test.php:3:56:3:57 | VariableName | This shell command depends on a $@. | test.php:5:13:5:17 | VariableName | user-provided value |
| test.php:3:56:3:57 | VariableName | test.php:10:11:10:15 | VariableName | test.php:3:56:3:57 | VariableName | This shell command depends on a $@. | test.php:10:11:10:15 | VariableName | user-provided value |
