edges
| test.php:4:23:4:27 | VariableName | test.php:5:8:5:16 | SubscriptExpression | provenance |  |
| test.php:7:29:7:33 | VariableName | test.php:7:8:7:43 | SubscriptExpression | provenance |  |
| test.php:9:29:9:33 | VariableName | test.php:10:8:10:12 | SubscriptExpression | provenance |  |
| test.php:12:19:12:23 | VariableName | test.php:13:8:13:12 | SubscriptExpression | provenance |  |
nodes
| test.php:4:23:4:27 | VariableName | semmle.label | VariableName |
| test.php:5:8:5:16 | SubscriptExpression | semmle.label | SubscriptExpression |
| test.php:7:8:7:43 | SubscriptExpression | semmle.label | SubscriptExpression |
| test.php:7:29:7:33 | VariableName | semmle.label | VariableName |
| test.php:9:29:9:33 | VariableName | semmle.label | VariableName |
| test.php:10:8:10:12 | SubscriptExpression | semmle.label | SubscriptExpression |
| test.php:12:19:12:23 | VariableName | semmle.label | VariableName |
| test.php:13:8:13:12 | SubscriptExpression | semmle.label | SubscriptExpression |
subpaths
#select
| test.php:5:8:5:16 | SubscriptExpression | test.php:4:23:4:27 | VariableName | test.php:5:8:5:16 | SubscriptExpression | This shell command depends on a $@. | test.php:4:23:4:27 | VariableName | user-provided value |
| test.php:7:8:7:43 | SubscriptExpression | test.php:7:29:7:33 | VariableName | test.php:7:8:7:43 | SubscriptExpression | This shell command depends on a $@. | test.php:7:29:7:33 | VariableName | user-provided value |
| test.php:10:8:10:12 | SubscriptExpression | test.php:9:29:9:33 | VariableName | test.php:10:8:10:12 | SubscriptExpression | This shell command depends on a $@. | test.php:9:29:9:33 | VariableName | user-provided value |
| test.php:13:8:13:12 | SubscriptExpression | test.php:12:19:12:23 | VariableName | test.php:13:8:13:12 | SubscriptExpression | This shell command depends on a $@. | test.php:12:19:12:23 | VariableName | user-provided value |
