edges
| test.php:2:11:2:18 | VariableName | test.php:3:8:3:18 | SubscriptExpression | provenance |  |
nodes
| test.php:2:11:2:18 | VariableName | semmle.label | VariableName |
| test.php:3:8:3:18 | SubscriptExpression | semmle.label | SubscriptExpression |
subpaths
#select
| test.php:3:8:3:18 | SubscriptExpression | test.php:2:11:2:18 | VariableName | test.php:3:8:3:18 | SubscriptExpression | This shell command depends on a $@. | test.php:2:11:2:18 | VariableName | user-provided value |
